2025-05-02 11:57:08 @tintucmoi.log [INFO]:    ⚙️ Change Stream started. 
2025-05-02 12:02:21 @tintucmoi.log [INFO]:    ⚙️ Change Stream started. 
2025-05-02 12:06:59 @tintucmoi.log [INFO]:    ⚙️ Change Stream started. 
2025-05-02 12:08:34 @tintucmoi.log [INFO]:    ⚙️ Change Stream started. 
2025-05-02 12:12:10 @tintucmoi.log [INFO]:    ⚙️ Change Stream started. 
2025-05-02 12:15:04 @tintucmoi.log [INFO]:    ⚙️ Change Stream started. 
2025-05-02 12:20:35 @tintucmoi.log [INFO]:    ⚙️ Change Stream started. 
2025-05-02 12:24:52 @tintucmoi.log [INFO]:    ⚙️ Change Stream started. 
2025-05-02 12:26:54 @tintucmoi.log [INFO]:    ⚙️ Change Stream started. 
2025-05-02 12:29:15 @tintucmoi.log [INFO]:    🔧 Change type: insert
2025-05-02 12:29:15 @tintucmoi.log [INFO]:    🔧 Processing ... 
2025-05-02 12:29:15 @tintucmoi.log [INFO]:    🔧 Đã upsert thành công: 120 bai viết: https://vnexpress.net/oto-dot-ngot-dung-tren-cao-toc-thu-thach-tai-xe-phia-sau-4880904.html
2025-05-02 12:29:16 @tintucmoi.log [INFO]:    🔧 Change type: insert
2025-05-02 12:29:16 @tintucmoi.log [INFO]:    🔧 Processing ... 
2025-05-02 12:29:16 @tintucmoi.log [INFO]:    🔧 Đã upsert thành công: 122 bai viết: https://vnexpress.net/elon-musk-he-lo-ve-100-ngay-trong-chinh-quyen-ong-trump-4880889.html
2025-05-02 12:29:16 @tintucmoi.log [INFO]:    🔧 Change type: insert
2025-05-02 12:29:16 @tintucmoi.log [INFO]:    🔧 Processing ... 
2025-05-02 12:29:16 @tintucmoi.log [INFO]:    🔧 Đã upsert thành công: 123 bai viết: https://vnexpress.net/robert-de-niro-ung-ho-con-chuyen-gioi-4880870.html
2025-05-02 12:29:17 @tintucmoi.log [INFO]:    🔧 Change type: insert
2025-05-02 12:29:17 @tintucmoi.log [INFO]:    🔧 Processing ... 
2025-05-02 12:29:17 @tintucmoi.log [INFO]:    🔧 Đã upsert thành công: 124 bai viết: https://vnexpress.net/apple-tang-truong-manh-nhat-quy-i-2025-4880788.html
2025-05-02 12:29:17 @tintucmoi.log [INFO]:    🔧 Change type: insert
2025-05-02 12:29:17 @tintucmoi.log [INFO]:    🔧 Processing ... 
2025-05-02 12:29:17 @tintucmoi.log [INFO]:    🔧 Đã upsert thành công: 125 bai viết: https://vnexpress.net/lao-soan-ngoi-viet-nam-trong-xuat-khau-ca-phe-sang-thai-lan-4880672.html
2025-05-02 12:29:17 @tintucmoi.log [INFO]:    🔧 Change type: insert
2025-05-02 12:29:17 @tintucmoi.log [INFO]:    🔧 Processing ... 
2025-05-02 12:29:17 @tintucmoi.log [INFO]:    🔧 Đã upsert thành công: 126 bai viết: https://vnexpress.net/bo-chong-nho-mon-hay-toi-co-thanh-kien-voi-ong-4880831.html
2025-05-02 12:29:18 @tintucmoi.log [INFO]:    🔧 Change type: insert
2025-05-02 12:29:18 @tintucmoi.log [INFO]:    🔧 Processing ... 
2025-05-02 12:29:18 @tintucmoi.log [INFO]:    🔧 Đã upsert thành công: 127 bai viết: https://vnexpress.net/ferdinand-yamal-xung-dang-doat-qua-bong-vang-4880761.html
2025-05-02 12:29:18 @tintucmoi.log [INFO]:    🔧 Change type: insert
2025-05-02 12:29:18 @tintucmoi.log [INFO]:    🔧 Processing ... 
2025-05-02 12:29:18 @tintucmoi.log [INFO]:    🔧 Đã upsert thành công: 128 bai viết: https://vnexpress.net/cuu-binh-thanh-huong-dan-vien-nho-ung-dung-dich-4880767.html
2025-05-02 12:29:18 @tintucmoi.log [INFO]:    🔧 Change type: insert
2025-05-02 12:29:18 @tintucmoi.log [INFO]:    🔧 Processing ... 
2025-05-02 12:29:18 @tintucmoi.log [INFO]:    🔧 Đã upsert thành công: 129 bai viết: https://vnexpress.net/crossword-giai-o-chu-o-chu-dia-ban-tinh-hoang-lien-son-hien-thuoc-lao-cai-va-tinh-nao-4880004.html
2025-05-02 12:29:19 @tintucmoi.log [INFO]:    🔧 Change type: insert
2025-05-02 12:29:19 @tintucmoi.log [INFO]:    🔧 Processing ... 
2025-05-02 12:29:19 @tintucmoi.log [INFO]:    🔧 Đã upsert thành công: 130 bai viết: https://vnexpress.net/ca-sau-du-doan-ket-qua-tong-tuyen-cu-australia-4880827.html
2025-05-02 12:29:19 @tintucmoi.log [INFO]:    🔧 Change type: insert
2025-05-02 12:29:19 @tintucmoi.log [INFO]:    🔧 Processing ... 
2025-05-02 12:29:19 @tintucmoi.log [INFO]:    🔧 Đã upsert thành công: 3 bai viết: https://vnexpress.net/thoi-trang-nghi-le-cua-gioi-tre-viet-4880622.html
2025-05-02 12:29:20 @tintucmoi.log [INFO]:    🔧 Change type: insert
2025-05-02 12:29:20 @tintucmoi.log [INFO]:    🔧 Processing ... 
2025-05-02 12:29:20 @tintucmoi.log [INFO]:    🔧 Đã upsert thành công: 131 bai viết: https://vnexpress.net/phu-huynh-hoi-han-vi-danh-tum-toc-giao-vien-bat-dung-duoi-mua-4880923.html
2025-05-02 12:29:20 @tintucmoi.log [INFO]:    🔧 Change type: insert
2025-05-02 12:29:20 @tintucmoi.log [INFO]:    🔧 Processing ... 
2025-05-02 12:29:20 @tintucmoi.log [INFO]:    🔧 Đã upsert thành công: 132 bai viết: https://vnexpress.net/chung-khoan-viet-nam-vao-nhom-giam-manh-nhat-the-gioi-4880899.html
2025-05-02 12:29:20 @tintucmoi.log [INFO]:    🔧 Change type: insert
2025-05-02 12:29:20 @tintucmoi.log [INFO]:    🔧 Processing ... 
2025-05-02 12:29:20 @tintucmoi.log [INFO]:    🔧 Đã upsert thành công: 133 bai viết: https://vnexpress.net/apple-thiet-bi-ban-tai-my-chu-yeu-tu-viet-nam-an-do-4880897.html
2025-05-02 12:29:22 @tintucmoi.log [INFO]:    🔧 Change type: insert
2025-05-02 12:29:22 @tintucmoi.log [INFO]:    🔧 Processing ... 
2025-05-02 12:29:22 @tintucmoi.log [INFO]:    🔧 Đã upsert thành công: 134 bai viết: https://vnexpress.net/xoa-xam-bang-laser-co-het-khong-4880882.html
2025-05-02 12:29:24 @tintucmoi.log [INFO]:    🔧 Change type: insert
2025-05-02 12:29:24 @tintucmoi.log [INFO]:    🔧 Processing ... 
2025-05-02 12:29:24 @tintucmoi.log [INFO]:    🔧 Đã upsert thành công: 135 bai viết: https://vnexpress.net/6-nhom-thuc-pham-nguoi-dau-da-day-nen-han-che-4880859.html
2025-05-02 12:29:25 @tintucmoi.log [INFO]:    🔧 Change type: insert
2025-05-02 12:29:25 @tintucmoi.log [INFO]:    🔧 Processing ... 
2025-05-02 12:29:25 @tintucmoi.log [INFO]:    🔧 Đã upsert thành công: 136 bai viết: https://vnexpress.net/chang-trai-hai-lan-gianh-hoc-bong-chinh-phu-nhat-ban-4858957.html
2025-05-02 12:29:25 @tintucmoi.log [INFO]:    🔧 Change type: insert
2025-05-02 12:29:25 @tintucmoi.log [INFO]:    🔧 Processing ... 
2025-05-02 12:29:25 @tintucmoi.log [INFO]:    🔧 Đã upsert thành công: 137 bai viết: https://vnexpress.net/chuyen-co-ruoc-xa-loi-duc-phat-den-tp-hcm-4880915.html
2025-05-02 12:29:25 @tintucmoi.log [INFO]:    🔧 Change type: insert
2025-05-02 12:29:25 @tintucmoi.log [INFO]:    🔧 Processing ... 
2025-05-02 12:29:25 @tintucmoi.log [INFO]:    🔧 Đã upsert thành công: 138 bai viết: https://vnexpress.net/cac-loai-vaccine-can-tiem-nhac-4880883.html
2025-05-02 12:29:26 @tintucmoi.log [INFO]:    🔧 Change type: insert
2025-05-02 12:29:26 @tintucmoi.log [INFO]:    🔧 Processing ... 
2025-05-02 12:29:26 @tintucmoi.log [INFO]:    🔧 Đã upsert thành công: 139 bai viết: https://vnexpress.net/50-gio-trong-ky-nghi-le-chay-dua-lay-ghep-tang-tu-nguoi-chet-nao-4880901.html
2025-05-02 12:29:26 @tintucmoi.log [INFO]:    🔧 Change type: insert
2025-05-02 12:29:26 @tintucmoi.log [INFO]:    🔧 Processing ... 
2025-05-02 12:29:26 @tintucmoi.log [INFO]:    🔧 Đã upsert thành công: 140 bai viết: https://vnexpress.net/nho-nuoc-chanh-vao-mat-mui-chua-benh-gay-bien-chung-4880820.html
2025-05-02 12:29:27 @tintucmoi.log [INFO]:    🔧 Change type: insert
2025-05-02 12:29:27 @tintucmoi.log [INFO]:    🔧 Processing ... 
2025-05-02 12:29:27 @tintucmoi.log [INFO]:    🔧 Đã upsert thành công: 63 bai viết: https://vnexpress.net/hoat-dong-san-xuat-cua-my-thap-nhat-5-thang-4880824.html
2025-05-02 12:29:27 @tintucmoi.log [INFO]:    🔧 Change type: insert
2025-05-02 12:29:27 @tintucmoi.log [INFO]:    🔧 Processing ... 
2025-05-02 12:29:27 @tintucmoi.log [INFO]:    🔧 Đã upsert thành công: 141 bai viết: https://vnexpress.net/co-dau-bi-nghi-ngo-la-ai-vi-qua-dep-4880725.html
2025-05-02 12:29:27 @tintucmoi.log [INFO]:    🔧 Change type: insert
2025-05-02 12:29:27 @tintucmoi.log [INFO]:    🔧 Processing ... 
2025-05-02 12:29:27 @tintucmoi.log [INFO]:    🔧 Đã upsert thành công: 142 bai viết: https://vnexpress.net/my-chuyen-xac-f-16-cho-ukraine-de-ra-lay-phu-tung-4880832.html
2025-05-02 12:29:28 @tintucmoi.log [INFO]:    🔧 Change type: insert
2025-05-02 12:29:28 @tintucmoi.log [INFO]:    🔧 Processing ... 
2025-05-02 12:29:28 @tintucmoi.log [INFO]:    🔧 Đã upsert thành công: 143 bai viết: https://vnexpress.net/tong-bi-thu-to-lam-se-du-le-ky-niem-ngay-chien-thang-tai-nga-4880141.html
2025-05-02 12:29:28 @tintucmoi.log [INFO]:    🔧 Change type: insert
2025-05-02 12:29:28 @tintucmoi.log [INFO]:    🔧 Processing ... 
2025-05-02 12:29:28 @tintucmoi.log [INFO]:    🔧 Đã upsert thành công: 61 bai viết: https://vnexpress.net/apple-canh-bao-ton-them-900-trieu-usd-vi-thue-nhap-khau-4880823.html
2025-05-02 12:29:28 @tintucmoi.log [INFO]:    🔧 Change type: insert
2025-05-02 12:29:28 @tintucmoi.log [INFO]:    🔧 Processing ... 
2025-05-02 12:29:28 @tintucmoi.log [INFO]:    🔧 Đã upsert thành công: 144 bai viết: https://vnexpress.net/c01-yeu-cau-huy-quyet-dinh-khong-khoi-to-vu-an-nu-sinh-tu-vong-o-vinh-long-4880909.html
2025-05-02 12:29:29 @tintucmoi.log [INFO]:    🔧 Change type: insert
2025-05-02 12:29:29 @tintucmoi.log [INFO]:    🔧 Processing ... 
2025-05-02 12:29:29 @tintucmoi.log [INFO]:    🔧 Đã upsert thành công: 145 bai viết: https://vnexpress.net/vi-sao-bien-chung-ban-chan-dai-thao-duong-khong-gay-dau-4880867.html
2025-05-02 12:29:30 @tintucmoi.log [INFO]:    🔧 Change type: insert
2025-05-02 12:29:30 @tintucmoi.log [INFO]:    🔧 Processing ... 
2025-05-02 12:29:30 @tintucmoi.log [INFO]:    🔧 Đã upsert thành công: 146 bai viết: https://vnexpress.net/ten-cuop-gio-tro-doi-bai-voi-ba-nan-nhan-trong-rung-cao-su-4880898.html
2025-05-02 12:29:30 @tintucmoi.log [INFO]:    🔧 Change type: insert
2025-05-02 12:29:30 @tintucmoi.log [INFO]:    🔧 Processing ... 
2025-05-02 12:29:30 @tintucmoi.log [INFO]:    🔧 Đã upsert thành công: 147 bai viết: https://vnexpress.net/tp-hcm-dang-thoi-ky-dan-so-vang-nhung-toc-do-gia-hoa-nhanh-4880907.html
2025-05-02 12:29:31 @tintucmoi.log [INFO]:    🔧 Change type: insert
2025-05-02 12:29:31 @tintucmoi.log [INFO]:    🔧 Processing ... 
2025-05-02 12:29:31 @tintucmoi.log [INFO]:    🔧 Đã upsert thành công: 148 bai viết: https://vnexpress.net/chua-luu-giu-xa-loi-tim-hoa-thuong-thich-quang-duc-4880023.html
2025-05-02 12:29:31 @tintucmoi.log [INFO]:    🔧 Change type: insert
2025-05-02 12:29:31 @tintucmoi.log [INFO]:    🔧 Processing ... 
2025-05-02 12:29:31 @tintucmoi.log [INFO]:    🔧 Đã upsert thành công: 149 bai viết: https://vnexpress.net/dai-quan-sat-tren-cay-roi-mat-500-tuoi-4880470.html
2025-05-02 12:29:31 @tintucmoi.log [INFO]:    🔧 Change type: insert
2025-05-02 12:29:31 @tintucmoi.log [INFO]:    🔧 Processing ... 
2025-05-02 12:29:31 @tintucmoi.log [INFO]:    🔧 Đã upsert thành công: 62 bai viết: https://vnexpress.net/nhat-ban-co-the-dung-1-000-ty-usd-trai-phieu-kho-bac-my-de-dam-phan-4880868.html
2025-05-02 12:29:32 @tintucmoi.log [INFO]:    🔧 Change type: insert
2025-05-02 12:29:32 @tintucmoi.log [INFO]:    🔧 Processing ... 
2025-05-02 12:29:32 @tintucmoi.log [INFO]:    🔧 Đã upsert thành công: 150 bai viết: https://vnexpress.net/nguoi-dan-giup-thu-gom-4-000-con-vit-tren-xe-tai-lat-giua-duong-4880872.html
2025-05-02 12:29:32 @tintucmoi.log [INFO]:    🔧 Change type: insert
2025-05-02 12:29:32 @tintucmoi.log [INFO]:    🔧 Processing ... 
2025-05-02 12:29:32 @tintucmoi.log [INFO]:    🔧 Đã upsert thành công: 151 bai viết: https://vnexpress.net/tuyen-duong-y-bac-si-bi-hanh-hung-van-ep-tim-cuu-tre-4880879.html
2025-05-02 12:29:32 @tintucmoi.log [INFO]:    🔧 Change type: insert
2025-05-02 12:29:32 @tintucmoi.log [INFO]:    🔧 Processing ... 
2025-05-02 12:29:32 @tintucmoi.log [INFO]:    🔧 Đã upsert thành công: 152 bai viết: https://vnexpress.net/ung-dung-be-them-dich-vu-tim-nguoi-giup-viec-tai-ha-noi-4880789.html
2025-05-02 12:29:32 @tintucmoi.log [INFO]:    🔧 Change type: insert
2025-05-02 12:29:32 @tintucmoi.log [INFO]:    🔧 Processing ... 
2025-05-02 12:29:32 @tintucmoi.log [INFO]:    🔧 Đã upsert thành công: 5 bai viết: https://vnexpress.net/luu-thi-thi-tung-vo-o-phim-co-trang-4880866.html
2025-05-02 12:29:33 @tintucmoi.log [INFO]:    🔧 Change type: insert
2025-05-02 12:29:33 @tintucmoi.log [INFO]:    🔧 Processing ... 
2025-05-02 12:29:33 @tintucmoi.log [INFO]:    🔧 Đã upsert thành công: 153 bai viết: https://vnexpress.net/chuoi-hoat-dong-dip-le-30-4-tai-phu-quoc-4880869.html
2025-05-02 12:29:34 @tintucmoi.log [INFO]:    🔧 Change type: insert
2025-05-02 12:29:34 @tintucmoi.log [INFO]:    🔧 Processing ... 
2025-05-02 12:29:34 @tintucmoi.log [INFO]:    🔧 Đã upsert thành công: 154 bai viết: https://vnexpress.net/victory-group-cong-bo-chien-luoc-phat-trien-giai-doan-2025-2030-4880860.html
2025-05-02 12:29:34 @tintucmoi.log [INFO]:    🔧 Change type: insert
2025-05-02 12:29:34 @tintucmoi.log [INFO]:    🔧 Processing ... 
2025-05-02 12:29:35 @tintucmoi.log [INFO]:    🔧 Đã upsert thành công: 155 bai viết: https://vnexpress.net/maguire-thich-thu-khi-duoc-goi-la-harrydinho-4880884.html
2025-05-02 12:29:35 @tintucmoi.log [INFO]:    🔧 Change type: insert
2025-05-02 12:29:35 @tintucmoi.log [INFO]:    🔧 Processing ... 
2025-05-02 12:29:35 @tintucmoi.log [INFO]:    🔧 Đã upsert thành công: 156 bai viết: https://vnexpress.net/van-may-12-con-giap-con-giap-may-man-4-con-giap-phat-tai-tien-ty-ve-tay-trong-thang-5-4878674.html
2025-05-02 12:29:35 @tintucmoi.log [INFO]:    🔧 Change type: insert
2025-05-02 12:29:35 @tintucmoi.log [INFO]:    🔧 Processing ... 
2025-05-02 12:29:35 @tintucmoi.log [INFO]:    🔧 Đã upsert thành công: 67 bai viết: https://vnexpress.net/trung-quoc-my-da-lien-he-de-dam-phan-thuong-mai-4880861.html
2025-05-02 12:29:36 @tintucmoi.log [INFO]:    🔧 Change type: insert
2025-05-02 12:29:36 @tintucmoi.log [INFO]:    🔧 Processing ... 
2025-05-02 12:29:36 @tintucmoi.log [INFO]:    🔧 Đã upsert thành công: 1 bai viết: https://vnexpress.net/noo-phuoc-thinh-hat-an-y-voi-mono-quan-a-p-4880778.html
2025-05-02 12:29:37 @tintucmoi.log [INFO]:    🔧 Change type: insert
2025-05-02 12:29:37 @tintucmoi.log [INFO]:    🔧 Processing ... 
2025-05-02 12:29:37 @tintucmoi.log [INFO]:    🔧 Đã upsert thành công: 157 bai viết: https://vnexpress.net/mark-zuckerberg-tu-nhan-la-nguoi-vung-ve-4880710.html
2025-05-02 12:29:38 @tintucmoi.log [INFO]:    🔧 Change type: insert
2025-05-02 12:29:38 @tintucmoi.log [INFO]:    🔧 Processing ... 
2025-05-02 12:29:38 @tintucmoi.log [INFO]:    🔧 Đã upsert thành công: 158 bai viết: https://vnexpress.net/hang-rao-danh-du-bieu-tuong-cua-su-ton-trong-hay-truyen-thong-phien-phuc-4880845.html
2025-05-02 12:29:38 @tintucmoi.log [INFO]:    🔧 Change type: insert
2025-05-02 12:29:38 @tintucmoi.log [INFO]:    🔧 Processing ... 
2025-05-02 12:29:38 @tintucmoi.log [INFO]:    🔧 Đã upsert thành công: 66 bai viết: https://vnexpress.net/golden-gate-dau-tu-chuoi-nha-hang-steak-u-nuoc-tai-tp-hcm-4877544.html
2025-05-02 12:29:39 @tintucmoi.log [INFO]:    🔧 Change type: insert
2025-05-02 12:29:39 @tintucmoi.log [INFO]:    🔧 Processing ... 
2025-05-02 12:29:39 @tintucmoi.log [INFO]:    🔧 Đã upsert thành công: 159 bai viết: https://vnexpress.net/ban-gai-luon-ban-khoan-vi-toi-khong-san-tien-lam-dam-cuoi-4880830.html
2025-05-02 12:29:39 @tintucmoi.log [INFO]:    🔧 Change type: insert
2025-05-02 12:29:39 @tintucmoi.log [INFO]:    🔧 Processing ... 
2025-05-02 12:29:39 @tintucmoi.log [INFO]:    🔧 Đã upsert thành công: 4 bai viết: https://vnexpress.net/lat-mat-8-cua-ly-hai-vuot-100-ty-dong-4880795.html
2025-05-02 12:29:39 @tintucmoi.log [INFO]:    🔧 Change type: insert
2025-05-02 12:29:39 @tintucmoi.log [INFO]:    🔧 Processing ... 
2025-05-02 12:29:39 @tintucmoi.log [INFO]:    🔧 Đã upsert thành công: 160 bai viết: https://vnexpress.net/an-khong-du-protein-gay-hai-the-nao-4880540.html
2025-05-02 12:29:40 @tintucmoi.log [INFO]:    🔧 Change type: insert
2025-05-02 12:29:40 @tintucmoi.log [INFO]:    🔧 Processing ... 
2025-05-02 12:29:40 @tintucmoi.log [INFO]:    🔧 Đã upsert thành công: 64 bai viết: https://vnexpress.net/vinamilk-lai-thap-nhat-gan-mot-thap-ky-4880829.html
2025-05-02 12:29:40 @tintucmoi.log [INFO]:    🔧 Change type: insert
2025-05-02 12:29:40 @tintucmoi.log [INFO]:    🔧 Processing ... 
2025-05-02 12:29:40 @tintucmoi.log [INFO]:    🔧 Đã upsert thành công: 161 bai viết: https://vnexpress.net/loat-nghi-si-my-muon-dieu-tra-elon-musk-vi-la-chan-vom-vang-4880814.html
2025-05-02 12:29:41 @tintucmoi.log [INFO]:    🔧 Change type: insert
2025-05-02 12:29:41 @tintucmoi.log [INFO]:    🔧 Processing ... 
2025-05-02 12:29:41 @tintucmoi.log [INFO]:    🔧 Đã upsert thành công: 162 bai viết: https://vnexpress.net/duong-ket-noi-tp-hcm-voi-long-an-sau-4-nam-khoi-cong-4877591.html
2025-05-02 12:29:42 @tintucmoi.log [INFO]:    🔧 Change type: insert
2025-05-02 12:29:42 @tintucmoi.log [INFO]:    🔧 Processing ... 
2025-05-02 12:29:42 @tintucmoi.log [INFO]:    🔧 Đã upsert thành công: 163 bai viết: https://vnexpress.net/bay-lua-12-trieu-dong-mua-so-lo-de-danh-la-trung-4880819.html
