2025-05-02 11:57:08 @kinhdoanh.log [INFO]:    ⚙️ Change Stream started. 
2025-05-02 12:02:21 @kinhdoanh.log [INFO]:    ⚙️ Change Stream started. 
2025-05-02 12:06:59 @kinhdoanh.log [INFO]:    ⚙️ Change Stream started. 
2025-05-02 12:08:34 @kinhdoanh.log [INFO]:    ⚙️ Change Stream started. 
2025-05-02 12:12:10 @kinhdoanh.log [INFO]:    ⚙️ Change Stream started. 
2025-05-02 12:15:04 @kinhdoanh.log [INFO]:    ⚙️ Change Stream started. 
2025-05-02 12:20:35 @kinhdoanh.log [INFO]:    ⚙️ Change Stream started. 
2025-05-02 12:24:52 @kinhdoanh.log [INFO]:    ⚙️ Change Stream started. 
2025-05-02 12:26:54 @kinhdoanh.log [INFO]:    ⚙️ Change Stream started. 
2025-05-02 12:28:45 @kinhdoanh.log [INFO]:    🔧 Change type: insert
2025-05-02 12:28:45 @kinhdoanh.log [INFO]:    🔧 Processing ... 
2025-05-02 12:28:45 @kinhdoanh.log [INFO]:    🔧 Đã upsert thành công: 61 bai viết: https://vnexpress.net/apple-canh-bao-ton-them-900-trieu-usd-vi-thue-nhap-khau-4880823.html
2025-05-02 12:28:45 @kinhdoanh.log [INFO]:    🔧 Change type: insert
2025-05-02 12:28:45 @kinhdoanh.log [INFO]:    🔧 Processing ... 
2025-05-02 12:28:45 @kinhdoanh.log [INFO]:    🔧 Đã upsert thành công: 62 bai viết: https://vnexpress.net/nhat-ban-co-the-dung-1-000-ty-usd-trai-phieu-kho-bac-my-de-dam-phan-4880868.html
2025-05-02 12:28:46 @kinhdoanh.log [INFO]:    🔧 Change type: insert
2025-05-02 12:28:46 @kinhdoanh.log [INFO]:    🔧 Processing ... 
2025-05-02 12:28:46 @kinhdoanh.log [INFO]:    🔧 Đã upsert thành công: 63 bai viết: https://vnexpress.net/hoat-dong-san-xuat-cua-my-thap-nhat-5-thang-4880824.html
2025-05-02 12:28:46 @kinhdoanh.log [INFO]:    🔧 Change type: insert
2025-05-02 12:28:46 @kinhdoanh.log [INFO]:    🔧 Processing ... 
2025-05-02 12:28:46 @kinhdoanh.log [INFO]:    🔧 Đã upsert thành công: 64 bai viết: https://vnexpress.net/vinamilk-lai-thap-nhat-gan-mot-thap-ky-4880829.html
2025-05-02 12:28:47 @kinhdoanh.log [INFO]:    🔧 Change type: insert
2025-05-02 12:28:47 @kinhdoanh.log [INFO]:    🔧 Processing ... 
2025-05-02 12:28:47 @kinhdoanh.log [INFO]:    🔧 Đã upsert thành công: 65 bai viết: https://vnexpress.net/nhu-cau-vang-cua-viet-nam-giam-manh-trong-quy-i-4880790.html
2025-05-02 12:28:48 @kinhdoanh.log [INFO]:    🔧 Change type: insert
2025-05-02 12:28:48 @kinhdoanh.log [INFO]:    🔧 Processing ... 
2025-05-02 12:28:48 @kinhdoanh.log [INFO]:    🔧 Đã upsert thành công: 66 bai viết: https://vnexpress.net/golden-gate-dau-tu-chuoi-nha-hang-steak-u-nuoc-tai-tp-hcm-4877544.html
2025-05-02 12:28:48 @kinhdoanh.log [INFO]:    🔧 Change type: insert
2025-05-02 12:28:48 @kinhdoanh.log [INFO]:    🔧 Processing ... 
2025-05-02 12:28:48 @kinhdoanh.log [INFO]:    🔧 Đã upsert thành công: 67 bai viết: https://vnexpress.net/trung-quoc-my-da-lien-he-de-dam-phan-thuong-mai-4880861.html
2025-05-02 12:28:48 @kinhdoanh.log [INFO]:    🔧 Change type: insert
2025-05-02 12:28:48 @kinhdoanh.log [INFO]:    🔧 Processing ... 
2025-05-02 12:28:48 @kinhdoanh.log [INFO]:    🔧 Đã upsert thành công: 68 bai viết: https://vnexpress.net/doanh-so-mcdonald-s-suy-giam-khi-nhieu-nguoi-lo-ngai-thue-quan-4880774.html
2025-05-02 12:28:48 @kinhdoanh.log [INFO]:    🔧 Change type: insert
2025-05-02 12:28:48 @kinhdoanh.log [INFO]:    🔧 Processing ... 
2025-05-02 12:28:48 @kinhdoanh.log [INFO]:    🔧 Đã upsert thành công: 69 bai viết: https://vnexpress.net/gia-vang-the-gioi-thap-nhat-2-tuan-4880822.html
2025-05-02 12:28:49 @kinhdoanh.log [INFO]:    🔧 Change type: insert
2025-05-02 12:28:49 @kinhdoanh.log [INFO]:    🔧 Processing ... 
2025-05-02 12:28:49 @kinhdoanh.log [INFO]:    🔧 Đã upsert thành công: 70 bai viết: https://vnexpress.net/loi-nhuan-chu-quan-cong-vien-nuoc-dam-sen-giam-manh-4880706.html
2025-05-02 12:28:50 @kinhdoanh.log [INFO]:    🔧 Change type: insert
2025-05-02 12:28:50 @kinhdoanh.log [INFO]:    🔧 Processing ... 
2025-05-02 12:28:50 @kinhdoanh.log [INFO]:    🔧 Đã upsert thành công: 71 bai viết: https://vnexpress.net/chinh-phu-dong-y-thi-diem-cho-vay-ngang-hang-trong-2-nam-4880701.html
2025-05-02 12:28:50 @kinhdoanh.log [INFO]:    🔧 Change type: insert
2025-05-02 12:28:50 @kinhdoanh.log [INFO]:    🔧 Processing ... 
2025-05-02 12:28:50 @kinhdoanh.log [INFO]:    🔧 Đã upsert thành công: 72 bai viết: https://vnexpress.net/taxi-vinasun-lai-thap-nhat-gan-2-nam-4880634.html
2025-05-02 12:28:51 @kinhdoanh.log [INFO]:    🔧 Change type: insert
2025-05-02 12:28:51 @kinhdoanh.log [INFO]:    🔧 Processing ... 
2025-05-02 12:28:51 @kinhdoanh.log [INFO]:    🔧 Đã upsert thành công: 73 bai viết: https://vnexpress.net/my-va-trung-quoc-tang-mua-ca-tra-tu-viet-nam-4880630.html
2025-05-02 12:28:52 @kinhdoanh.log [INFO]:    🔧 Change type: insert
2025-05-02 12:28:52 @kinhdoanh.log [INFO]:    🔧 Processing ... 
2025-05-02 12:28:52 @kinhdoanh.log [INFO]:    🔧 Đã upsert thành công: 74 bai viết: https://vnexpress.net/yeah1-lai-gap-doi-cung-ky-nho-concert-4880615.html
2025-05-02 12:28:53 @kinhdoanh.log [INFO]:    🔧 Change type: insert
2025-05-02 12:28:53 @kinhdoanh.log [INFO]:    🔧 Processing ... 
2025-05-02 12:28:53 @kinhdoanh.log [INFO]:    🔧 Đã upsert thành công: 75 bai viết: https://vnexpress.net/nha-phan-phoi-xe-dien-wuling-lai-gap-112-lan-quy-dau-nam-4880623.html
2025-05-02 12:28:54 @kinhdoanh.log [INFO]:    🔧 Change type: insert
2025-05-02 12:28:54 @kinhdoanh.log [INFO]:    🔧 Processing ... 
2025-05-02 12:28:54 @kinhdoanh.log [INFO]:    🔧 Đã upsert thành công: 76 bai viết: https://vnexpress.net/chay-dua-dua-nong-san-len-cho-mang-4880447.html
2025-05-02 12:28:54 @kinhdoanh.log [INFO]:    🔧 Change type: insert
2025-05-02 12:28:54 @kinhdoanh.log [INFO]:    🔧 Processing ... 
2025-05-02 12:28:54 @kinhdoanh.log [INFO]:    🔧 Đã upsert thành công: 77 bai viết: https://vnexpress.net/dien-bien-cac-kenh-dau-tu-trong-100-ngay-dau-nhiem-ky-ong-trump-4880491.html
2025-05-02 12:28:54 @kinhdoanh.log [INFO]:    🔧 Change type: insert
2025-05-02 12:28:54 @kinhdoanh.log [INFO]:    🔧 Processing ... 
2025-05-02 12:28:54 @kinhdoanh.log [INFO]:    🔧 Đã upsert thành công: 78 bai viết: https://vnexpress.net/hoi-sinh-nganh-san-xuat-tai-my-kho-hon-ong-trump-nghi-ra-sao-4880291.html
2025-05-02 12:28:54 @kinhdoanh.log [INFO]:    🔧 Change type: insert
2025-05-02 12:28:54 @kinhdoanh.log [INFO]:    🔧 Processing ... 
2025-05-02 12:28:55 @kinhdoanh.log [INFO]:    🔧 Đã upsert thành công: 79 bai viết: https://vnexpress.net/coteccons-co-don-hang-ton-dong-gan-37-000-ty-dong-4880498.html
2025-05-02 12:28:55 @kinhdoanh.log [INFO]:    🔧 Change type: insert
2025-05-02 12:28:55 @kinhdoanh.log [INFO]:    🔧 Processing ... 
2025-05-02 12:28:55 @kinhdoanh.log [INFO]:    🔧 Đã upsert thành công: 80 bai viết: https://vnexpress.net/vincom-to-chuc-chuoi-su-kien-chao-he-toan-quoc-4880654.html
2025-05-02 12:28:55 @kinhdoanh.log [INFO]:    🔧 Change type: insert
2025-05-02 12:28:55 @kinhdoanh.log [INFO]:    🔧 Processing ... 
2025-05-02 12:28:55 @kinhdoanh.log [INFO]:    🔧 Đã upsert thành công: 81 bai viết: https://vnexpress.net/kinh-te-my-tang-truong-am-4880519.html
2025-05-02 12:28:55 @kinhdoanh.log [INFO]:    🔧 Change type: insert
2025-05-02 12:28:55 @kinhdoanh.log [INFO]:    🔧 Processing ... 
2025-05-02 12:28:56 @kinhdoanh.log [INFO]:    🔧 Đã upsert thành công: 82 bai viết: https://vnexpress.net/my-tinh-ap-phi-250-usd-hang-nam-len-xe-dien-4880671.html
2025-05-02 12:28:56 @kinhdoanh.log [INFO]:    🔧 Change type: insert
2025-05-02 12:28:56 @kinhdoanh.log [INFO]:    🔧 Processing ... 
2025-05-02 12:28:56 @kinhdoanh.log [INFO]:    🔧 Đã upsert thành công: 83 bai viết: https://vnexpress.net/tp-hcm-huong-den-grdp-dau-nguoi-tren-200-trieu-dong-nam-nay-4880415.html
2025-05-02 12:28:56 @kinhdoanh.log [INFO]:    🔧 Change type: insert
2025-05-02 12:28:56 @kinhdoanh.log [INFO]:    🔧 Processing ... 
2025-05-02 12:28:56 @kinhdoanh.log [INFO]:    🔧 Đã upsert thành công: 84 bai viết: https://vnexpress.net/xuat-khau-tom-tang-manh-4880436.html
2025-05-02 12:28:56 @kinhdoanh.log [INFO]:    🔧 Change type: insert
2025-05-02 12:28:56 @kinhdoanh.log [INFO]:    🔧 Processing ... 
2025-05-02 12:28:56 @kinhdoanh.log [INFO]:    🔧 Đã upsert thành công: 85 bai viết: https://vnexpress.net/chuoi-nghi-duong-cua-ong-pham-nhat-vuong-thu-binh-quan-27-ty-moi-ngay-4880430.html
2025-05-02 12:28:56 @kinhdoanh.log [INFO]:    🔧 Change type: insert
2025-05-02 12:28:56 @kinhdoanh.log [INFO]:    🔧 Processing ... 
2025-05-02 12:28:57 @kinhdoanh.log [INFO]:    🔧 Đã upsert thành công: 86 bai viết: https://vnexpress.net/sasco-van-hanh-phong-cho-thuong-gia-thu-2-tai-nha-ga-t3-4880757.html
2025-05-02 12:28:57 @kinhdoanh.log [INFO]:    🔧 Change type: insert
2025-05-02 12:28:57 @kinhdoanh.log [INFO]:    🔧 Processing ... 
2025-05-02 12:28:57 @kinhdoanh.log [INFO]:    🔧 Đã upsert thành công: 87 bai viết: https://vnexpress.net/vietnam-airlines-co-doanh-thu-quy-i-hon-ty-usd-4880437.html
2025-05-02 12:28:57 @kinhdoanh.log [INFO]:    🔧 Change type: insert
2025-05-02 12:28:57 @kinhdoanh.log [INFO]:    🔧 Processing ... 
2025-05-02 12:28:57 @kinhdoanh.log [INFO]:    🔧 Đã upsert thành công: 88 bai viết: https://vnexpress.net/hoat-dong-san-xuat-cua-trung-quoc-thap-nhat-gan-2-nam-4880377.html
2025-05-02 12:28:57 @kinhdoanh.log [INFO]:    🔧 Change type: insert
2025-05-02 12:28:57 @kinhdoanh.log [INFO]:    🔧 Processing ... 
2025-05-02 12:28:57 @kinhdoanh.log [INFO]:    🔧 Đã upsert thành công: 89 bai viết: https://vnexpress.net/ong-trump-noi-se-dat-thoa-thuan-thue-voi-an-do-4880357.html
2025-05-02 12:28:59 @kinhdoanh.log [INFO]:    🔧 Change type: insert
2025-05-02 12:28:59 @kinhdoanh.log [INFO]:    🔧 Processing ... 
2025-05-02 12:28:59 @kinhdoanh.log [INFO]:    🔧 Đã upsert thành công: 90 bai viết: https://vnexpress.net/cam-sanh-do-bo-via-he-vai-nghin-dong-mot-kg-4880135.html
2025-05-02 12:28:59 @kinhdoanh.log [INFO]:    🔧 Change type: insert
2025-05-02 12:28:59 @kinhdoanh.log [INFO]:    🔧 Processing ... 
2025-05-02 12:28:59 @kinhdoanh.log [INFO]:    🔧 Đã upsert thành công: 91 bai viết: https://vnexpress.net/samsung-electronics-dat-doanh-thu-ky-luc-4880358.html
2025-05-02 12:29:00 @kinhdoanh.log [INFO]:    🔧 Change type: insert
2025-05-02 12:29:00 @kinhdoanh.log [INFO]:    🔧 Processing ... 
2025-05-02 12:29:00 @kinhdoanh.log [INFO]:    🔧 Đã upsert thành công: 92 bai viết: https://vnexpress.net/cac-nha-may-luyen-vang-thuy-si-hoat-dong-het-cong-suat-4880273.html
2025-05-02 12:29:00 @kinhdoanh.log [INFO]:    🔧 Change type: insert
2025-05-02 12:29:00 @kinhdoanh.log [INFO]:    🔧 Processing ... 
2025-05-02 12:29:00 @kinhdoanh.log [INFO]:    🔧 Đã upsert thành công: 93 bai viết: https://vnexpress.net/novaland-giam-lo-4880294.html
2025-05-02 12:29:00 @kinhdoanh.log [INFO]:    🔧 Change type: insert
2025-05-02 12:29:00 @kinhdoanh.log [INFO]:    🔧 Processing ... 
2025-05-02 12:29:00 @kinhdoanh.log [INFO]:    🔧 Đã upsert thành công: 94 bai viết: https://vnexpress.net/don-bay-nao-de-trung-quoc-khien-ong-trump-diu-giong-4879456.html
2025-05-02 12:29:02 @kinhdoanh.log [INFO]:    🔧 Change type: insert
2025-05-02 12:29:02 @kinhdoanh.log [INFO]:    🔧 Processing ... 
2025-05-02 12:29:02 @kinhdoanh.log [INFO]:    🔧 Đã upsert thành công: 95 bai viết: https://vnexpress.net/trung-quoc-hang-bay-va-boeing-deu-thiet-hai-vi-thue-nhap-khau-4880124.html
2025-05-02 12:29:02 @kinhdoanh.log [INFO]:    🔧 Change type: insert
2025-05-02 12:29:02 @kinhdoanh.log [INFO]:    🔧 Processing ... 
2025-05-02 12:29:02 @kinhdoanh.log [INFO]:    🔧 Đã upsert thành công: 96 bai viết: https://vnexpress.net/thu-tuong-yeu-cau-ky-hop-dong-mua-them-may-bay-khi-lng-tu-my-4880252.html
2025-05-02 12:29:02 @kinhdoanh.log [INFO]:    🔧 Change type: insert
2025-05-02 12:29:02 @kinhdoanh.log [INFO]:    🔧 Processing ... 
2025-05-02 12:29:03 @kinhdoanh.log [INFO]:    🔧 Đã upsert thành công: 97 bai viết: https://vnexpress.net/vietnam-airlines-duoc-duyet-chu-truong-mua-50-may-bay-than-hep-4880249.html
2025-05-02 12:29:03 @kinhdoanh.log [INFO]:    🔧 Change type: insert
2025-05-02 12:29:03 @kinhdoanh.log [INFO]:    🔧 Processing ... 
2025-05-02 12:29:03 @kinhdoanh.log [INFO]:    🔧 Đã upsert thành công: 98 bai viết: https://vnexpress.net/doanh-thu-cua-vingroup-lan-dau-vuot-3-ty-usd-trong-mot-quy-4880197.html
2025-05-02 12:29:04 @kinhdoanh.log [INFO]:    🔧 Change type: insert
2025-05-02 12:29:04 @kinhdoanh.log [INFO]:    🔧 Processing ... 
2025-05-02 12:29:04 @kinhdoanh.log [INFO]:    🔧 Đã upsert thành công: 99 bai viết: https://vnexpress.net/ong-trump-noi-long-thue-nhap-khau-oto-4879968.html
2025-05-02 12:29:05 @kinhdoanh.log [INFO]:    🔧 Change type: insert
2025-05-02 12:29:05 @kinhdoanh.log [INFO]:    🔧 Processing ... 
2025-05-02 12:29:05 @kinhdoanh.log [INFO]:    🔧 Đã upsert thành công: 100 bai viết: https://vnexpress.net/ceo-eximbank-ngan-hang-se-thay-doi-lon-4880128.html
2025-05-02 12:29:05 @kinhdoanh.log [INFO]:    🔧 Change type: insert
2025-05-02 12:29:05 @kinhdoanh.log [INFO]:    🔧 Processing ... 
2025-05-02 12:29:05 @kinhdoanh.log [INFO]:    🔧 Đã upsert thành công: 101 bai viết: https://vnexpress.net/chung-khoan-giam-hon-6-trong-thang-4-4880190.html
2025-05-02 12:29:06 @kinhdoanh.log [INFO]:    🔧 Change type: insert
2025-05-02 12:29:06 @kinhdoanh.log [INFO]:    🔧 Processing ... 
2025-05-02 12:29:06 @kinhdoanh.log [INFO]:    🔧 Đã upsert thành công: 102 bai viết: https://vnexpress.net/con-trai-ong-ho-hung-anh-gop-von-mo-cong-ty-blockchain-4879946.html
2025-05-02 12:29:06 @kinhdoanh.log [INFO]:    🔧 Change type: insert
2025-05-02 12:29:06 @kinhdoanh.log [INFO]:    🔧 Processing ... 
2025-05-02 12:29:06 @kinhdoanh.log [INFO]:    🔧 Đã upsert thành công: 103 bai viết: https://vnexpress.net/tham-tan-thuong-mai-viet-nam-se-dam-phan-voi-my-trong-tuan-nay-4879911.html
2025-05-02 12:29:06 @kinhdoanh.log [INFO]:    🔧 Change type: insert
2025-05-02 12:29:06 @kinhdoanh.log [INFO]:    🔧 Processing ... 
2025-05-02 12:29:06 @kinhdoanh.log [INFO]:    🔧 Đã upsert thành công: 104 bai viết: https://vnexpress.net/bo-dau-mua-tang-gia-gap-doi-4879634.html
2025-05-02 12:29:06 @kinhdoanh.log [INFO]:    🔧 Change type: insert
2025-05-02 12:29:06 @kinhdoanh.log [INFO]:    🔧 Processing ... 
2025-05-02 12:29:06 @kinhdoanh.log [INFO]:    🔧 Đã upsert thành công: 105 bai viết: https://vnexpress.net/ty-phu-jim-ratcliffe-thue-carbon-anh-dang-bop-nghet-san-xuat-4879907.html
2025-05-02 12:29:08 @kinhdoanh.log [INFO]:    🔧 Change type: insert
2025-05-02 12:29:08 @kinhdoanh.log [INFO]:    🔧 Processing ... 
2025-05-02 12:29:08 @kinhdoanh.log [INFO]:    🔧 Đã upsert thành công: 106 bai viết: https://vnexpress.net/thuong-mai-dien-tu-giup-hang-viet-nang-cao-do-nhan-dien-4880127.html
2025-05-02 12:29:08 @kinhdoanh.log [INFO]:    🔧 Change type: insert
2025-05-02 12:29:08 @kinhdoanh.log [INFO]:    🔧 Processing ... 
2025-05-02 12:29:08 @kinhdoanh.log [INFO]:    🔧 Đã upsert thành công: 107 bai viết: https://vnexpress.net/t-t-group-khoi-cong-hai-cong-trinh-nha-o-xa-hoi-tai-vinh-long-4879567.html
2025-05-02 12:29:08 @kinhdoanh.log [INFO]:    🔧 Change type: insert
2025-05-02 12:29:08 @kinhdoanh.log [INFO]:    🔧 Processing ... 
2025-05-02 12:29:08 @kinhdoanh.log [INFO]:    🔧 Đã upsert thành công: 108 bai viết: https://vnexpress.net/tac-dung-cua-mo-hinh-dao-chieu-sushi-roll-trong-chung-khoan-4879948.html
2025-05-02 12:29:08 @kinhdoanh.log [INFO]:    🔧 Change type: insert
2025-05-02 12:29:08 @kinhdoanh.log [INFO]:    🔧 Processing ... 
2025-05-02 12:29:08 @kinhdoanh.log [INFO]:    🔧 Đã upsert thành công: 109 bai viết: https://vnexpress.net/han-quoc-ap-thue-chong-ban-pha-gia-thep-viet-nam-4880271.html
2025-05-02 12:29:09 @kinhdoanh.log [INFO]:    🔧 Change type: insert
2025-05-02 12:29:09 @kinhdoanh.log [INFO]:    🔧 Processing ... 
2025-05-02 12:29:09 @kinhdoanh.log [INFO]:    🔧 Đã upsert thành công: 110 bai viết: https://vnexpress.net/novaland-thang-kien-o-du-an-10-000-ty-dong-4879733.html
2025-05-02 12:29:09 @kinhdoanh.log [INFO]:    🔧 Change type: insert
2025-05-02 12:29:09 @kinhdoanh.log [INFO]:    🔧 Processing ... 
2025-05-02 12:29:09 @kinhdoanh.log [INFO]:    🔧 Đã upsert thành công: 111 bai viết: https://vnexpress.net/bo-truong-cong-thuong-khong-chon-nha-dau-tu-dien-chi-luot-song-4879799.html
2025-05-02 12:29:10 @kinhdoanh.log [INFO]:    🔧 Change type: insert
2025-05-02 12:29:10 @kinhdoanh.log [INFO]:    🔧 Processing ... 
2025-05-02 12:29:10 @kinhdoanh.log [INFO]:    🔧 Đã upsert thành công: 112 bai viết: https://vnexpress.net/hermes-dat-doanh-thu-4-7-ty-usd-quy-dau-2025-4878025.html
2025-05-02 12:29:10 @kinhdoanh.log [INFO]:    🔧 Change type: insert
2025-05-02 12:29:10 @kinhdoanh.log [INFO]:    🔧 Processing ... 
2025-05-02 12:29:10 @kinhdoanh.log [INFO]:    🔧 Đã upsert thành công: 113 bai viết: https://vnexpress.net/sau-rieng-viet-nguy-co-that-the-o-thi-truong-trung-quoc-4877944.html
2025-05-02 12:29:11 @kinhdoanh.log [INFO]:    🔧 Change type: insert
2025-05-02 12:29:11 @kinhdoanh.log [INFO]:    🔧 Processing ... 
2025-05-02 12:29:11 @kinhdoanh.log [INFO]:    🔧 Đã upsert thành công: 114 bai viết: https://vnexpress.net/tien-vao-chung-khoan-thap-nhat-2-thang-4879691.html
2025-05-02 12:29:11 @kinhdoanh.log [INFO]:    🔧 Change type: insert
2025-05-02 12:29:11 @kinhdoanh.log [INFO]:    🔧 Processing ... 
2025-05-02 12:29:12 @kinhdoanh.log [INFO]:    🔧 Đã upsert thành công: 115 bai viết: https://vnexpress.net/ong-ngo-chi-dung-chung-toi-tu-tin-gpbank-se-co-lai-nam-nay-4879764.html
2025-05-02 12:29:12 @kinhdoanh.log [INFO]:    🔧 Change type: insert
2025-05-02 12:29:12 @kinhdoanh.log [INFO]:    🔧 Processing ... 
2025-05-02 12:29:12 @kinhdoanh.log [INFO]:    🔧 Đã upsert thành công: 116 bai viết: https://vnexpress.net/trung-quoc-tu-tin-dat-muc-tieu-tang-truong-nam-nay-4879631.html
2025-05-02 12:29:12 @kinhdoanh.log [INFO]:    🔧 Change type: insert
2025-05-02 12:29:12 @kinhdoanh.log [INFO]:    🔧 Processing ... 
2025-05-02 12:29:12 @kinhdoanh.log [INFO]:    🔧 Đã upsert thành công: 117 bai viết: https://vnexpress.net/nha-may-trung-quoc-tim-cach-doi-pho-thue-my-4879554.html
2025-05-02 12:29:12 @kinhdoanh.log [INFO]:    🔧 Change type: insert
2025-05-02 12:29:12 @kinhdoanh.log [INFO]:    🔧 Processing ... 
2025-05-02 12:29:12 @kinhdoanh.log [INFO]:    🔧 Đã upsert thành công: 118 bai viết: https://vnexpress.net/gach-dong-tam-tu-xuong-nho-cha-truyen-con-noi-thanh-doanh-nghiep-nghin-ty-4879353.html
2025-05-02 12:29:13 @kinhdoanh.log [INFO]:    🔧 Change type: insert
2025-05-02 12:29:13 @kinhdoanh.log [INFO]:    🔧 Processing ... 
2025-05-02 12:29:13 @kinhdoanh.log [INFO]:    🔧 Đã upsert thành công: 119 bai viết: https://vnexpress.net/gia-vang-mieng-giam-con-120-trieu-dong-mot-luong-4879562.html
2025-05-02 12:29:15 @kinhdoanh.log [INFO]:    🔧 Change type: insert
2025-05-02 12:29:15 @kinhdoanh.log [INFO]:    🔧 Processing ... 
2025-05-02 12:29:15 @kinhdoanh.log [INFO]:    🔧 Đã upsert thành công: 121 bai viết: https://vnexpress.net/nhieu-startup-mac-ket-voi-bai-toan-vay-von-xanh-4878397.html
2025-05-02 14:10:36 @kinhdoanh.log [ERROR]:    Unexpected error: not primary and secondaryOk=false, full error: {'errorLabels': ['ResumableChangeStreamError'], 'topologyVersion': {'processId': ObjectId('68144d2078dfd9a93914eb20'), 'counter': 7}, 'operationTime': Timestamp(1746169831, 4), 'ok': 0.0, 'errmsg': 'not primary and secondaryOk=false', 'code': 13435, 'codeName': 'NotPrimaryNoSecondaryOk', '$clusterTime': {'clusterTime': Timestamp(1746169831, 4), 'signature': {'hash': b'\x00\x00\x00\x00\x00\x00\x00\x00\x00\x00\x00\x00\x00\x00\x00\x00\x00\x00\x00\x00', 'keyId': 0}}} link: https://vnexpress.net/nhieu-startup-mac-ket-voi-bai-toan-vay-von-xanh-4878397.html  id: 6814582b78dfd9a939156238
2025-05-02 14:10:41 @kinhdoanh.log [ERROR]:    Unexpected error: No replica set members match selector "Primary()", Timeout: 5.0s, Topology Description: <TopologyDescription id: 68146fec880c8ef0846a070f, topology_type: ReplicaSetNoPrimary, servers: [<ServerDescription ('mongo1', 27017) server_type: RSSecondary, rtt: 0.0017293430009885924>, <ServerDescription ('mongo2', 27018) server_type: RSSecondary, rtt: 0.0008677069999976084>, <ServerDescription ('mongo3', 27019) server_type: RSSecondary, rtt: 0.0009604410006431863>, <ServerDescription ('mongo4', 27020) server_type: Unknown, rtt: None, error=AutoReconnect('mongo4:27020: [Errno -2] Name or service not known (configured timeouts: socketTimeoutMS: 20000.0ms, connectTimeoutMS: 20000.0ms)')>, <ServerDescription ('mongo5', 27021) server_type: Unknown, rtt: None, error=AutoReconnect('mongo5:27021: [Errno -2] Name or service not known (configured timeouts: socketTimeoutMS: 20000.0ms, connectTimeoutMS: 20000.0ms)')>]> link: https://vnexpress.net/nhieu-startup-mac-ket-voi-bai-toan-vay-von-xanh-4878397.html  id: 6814582b78dfd9a939156238
2025-05-02 14:10:41 @kinhdoanh.log [INFO]:    ⚙️ Change Stream started. 
